[siteeseguro.tech/opinapay/index.html]
[siteeseguro.tech/opinapay/js/script.js]
[siteeseguro.tech/opinapay/css/styles.css]
[siteeseguro.tech/opinapay/js/jquery-3.6.4.min.js]
[backblue.gif]
[fade.gif]
[index.html]
[siteeseguro.tech/opinapay/js/js.cookie.min.js]
[siteeseguro.tech/opinapay/media/dinheiro.mp3]
[siteeseguro.tech/opinapay/images/opinilogo.png]
[siteeseguro.tech/opinapay/images/caixa.png]
[siteeseguro.tech/opinapay/transparent.html]
[siteeseguro.tech/opinapay/images/bancobrasil.png]
[siteeseguro.tech/opinapay/images/apple.png]
[siteeseguro.tech/opinapay/images/amazon.png]
[siteeseguro.tech/opinapay/images/ambev.png]
[siteeseguro.tech/opinapay/images/mcdonalds.png]
[siteeseguro.tech/opinapay/images/burguerking.png]
[siteeseguro.tech/opinapay/images/vivo.png]
[siteeseguro.tech/opinapay/images/claro.png]
[siteeseguro.tech/opinapay/images/tim.png]
[siteeseguro.tech/opinapay/images/cpf.png]
[siteeseguro.tech/opinapay/images/telefone.png]
[siteeseguro.tech/opinapay/images/email.png]
[siteeseguro.tech/opinapay/images/qr.png]
[siteeseguro.tech/opinapay/js/lottie-player.js]
[siteeseguro.tech/opinapay/js/scripts.js]
[siteeseguro.tech/opinapay/index.html]
[siteeseguro.tech/opinapay/_0x31bb89]
[siteeseguro.tech/opinapay/_0x367f7a]
[siteeseguro.tech/opinapay/js/script.js]
[siteeseguro.tech/opinapay/css/images/background_whats.jpg]
[siteeseguro.tech/opinapay/css/styles.css]
[siteeseguro.tech/opinapay/js/jquery-3.6.4.min.js]
[siteeseguro.tech/opinapay/js/js.cookie.min.js]
[siteeseguro.tech/opinapay/ions/index.html]
[siteeseguro.tech/opinapay/css/style.min.css]
[siteeseguro.tech/opinapay/js/view.min.js]
[siteeseguro.tech/opinapay/h=/index.html]
[siteeseguro.tech/opinapay/fonts/Inter-VariableFont_slnt,wght.woff2]
[siteeseguro.tech/opinapay/fonts/cardo_normal_400.woff2]
[siteeseguro.tech/opinapay/fonts/cardo_italic_400.woff2]
[siteeseguro.tech/opinapay/fonts/cardo_normal_700.woff2]
[siteeseguro.tech/opinapay/transparent.html]
[siteeseguro.tech/opinapay/t,window.location.href]
[siteeseguro.tech/opinapay/giItT1WQy@!-/index.html]
[siteeseguro.tech/opinapay/t]
[siteeseguro.tech/opinapay/js/lottie-player.js]
[siteeseguro.tech/opinapay/js/scripts.js]
[siteeseguro.tech/opinapay/_0x31bb89.html]
[siteeseguro.tech/opinapay/_0x367f7a.html]
[siteeseguro.tech/opinapay/h=/index.html]
[siteeseguro.tech/opinapay/ions/index.html]
[siteeseguro.tech/opinapay/css/images/background_whats.html]
[siteeseguro.tech/opinapay/css/style.min.css]
[siteeseguro.tech/opinapay/js/view.min.js]
[siteeseguro.tech/opinapay/images/index.html]
[siteeseguro.tech/opinapay/giItT1WQy@!-/index.html]
[siteeseguro.tech/opinapay/t,window.location.html]
[siteeseguro.tech/opinapay/t.html]
[extrafacil.site/wp-includes/js/dist/vendor/wp-polyfill-importmap.minef6d.js]
[extrafacil.site/wp-includes/js/dist/interactivity.minadc6.js]
